I'm sorry, but errors were detected in your script. Please correct the
errors listed below, and try again.


File "game/script.rpy", line 31: expected '=' not found.
    define config.custom_text_tags("[glitch]")
                                  ^

Ren'Py Version: Ren'Py 8.1.3.23091805
Tue Dec 19 21:49:19 2023
